// Jest Snapshot v1, https://goo.gl/fbAQLP

exports[`Slider Testing Should Render Properly 1`] = `ShallowWrapper {}`;
