// Jest Snapshot v1, https://goo.gl/fbAQLP

exports[`rendering components should render FeaturedListing component without crash 1`] = `ShallowWrapper {}`;
