// Jest Snapshot v1, https://goo.gl/fbAQLP

exports[`<Footer /> renders <Footer /> 1`] = `ShallowWrapper {}`;
