// Jest Snapshot v1, https://goo.gl/fbAQLP

exports[`Snapshot Testing For Cards Should render properly 1`] = `ShallowWrapper {}`;
